Scraping 1499 games from Poki...
OK   Teleport Master [platform,puzzle]
OK   My Dream House Makeover [simulation]
OK   Cafe Merge [puzzle]
OK   Build Your Island [idle]
OK   Little Farm World [farm,simulation]
OK   Crowd Rush [idle]
OK   Siegeward [strategy]
OK   Catch a Pet [animals,simulation]
OK   Dino Merge [merge,idle]
OK   Supercars City [driving]
OK   Sword Legends [adventure]
OK   Color Shapes [decoration]
OK   Backroom Bill [adventure]
OK   Aquapark.io [racing]
OK   My Snack Bar [simulation]
OK   Word Solitaire [puzzle]
OK   Ghost Rush [arcade]
OK   Theft City [new,shooting]
OK   Bugs.io [new,arcade]
OK   Crazy Motorcycle Pro [platform]
OK   Emoji Factory [idle]
OK   Beauty Superstar [dress-up,simulation]
OK   Robot Police Iron Panther [robot,strategy]
OK   Blockpost 2.0 [shooting]
OK   Harvest Loop [simulation]
OK   Mountain Climb Stunt [racing]
OK   Little Steps, Big Troubles [adventure]
OK   Hole.io [new,arcade]
OK   No Fault Cup 2026 [new,sports]
OK   Demolition Simulator [driving]
OK   DIY World Fashion [beauty]
OK   Clean The Roof [action]
OK   Zoey's Bag Boutique [new,beauty]
OK   Critters Puzzle [new,puzzle]
OK   Ragdoll Chaos [ragdoll,action]
OK   Build a Bud [decoration]
OK   Chick Flix [new,skill]
OK   Mad Stick [skill]
OK   Tiny Sticker Town [decoration]
OK   Dress Up Duck [beauty]
OK   TNT Sandbox [simulation]
OK   Cuboy Adventure [platform]
OK   Robo Cleaner Simulator [simulation]
OK   Sling Star Kick [soccer,sports]
OK   Brainrot Miner [new,adventure]
OK   Backrooms Recovery [scary,adventure]
OK   Talking Tom Drop & Pop [puzzle]
OK   Snow Train Odyssey [new,adventure]
OK   Paper.io 2 [action]
OK   Perfect Shape [stickman,skill]
OK   Dog's Life [animals,simulation]
OK   NSR Street Car Racing [car,racing]
OK   Goods Master [new,puzzle]
OK   Petnest.io [simulation]
OK   Boomy World [action,puzzle]
OK   Family Life Simulator [new,simulation]
OK   Slime Keyboard Escape [platform]
OK   Mom's Diary Cooking Games [food,simulation]
OK   Scary Teacher Hide & Seek Games [escape]
OK   Dragon the Dragon [new,adventure]
OK   Super Dress [beauty]
OK   20f8 [puzzle]
OK   Kick The Buddy [new,shooting]
OK   Sandbox of Elements [puzzle]
OK   Pet Mahjong 3D [puzzle]
OK   Flip Pounce [cats,skill]
OK   Family Sort [matching,puzzle]
OK   Undead Slayer [survival,action]
OK   Travel Merge [merge,puzzle]
OK   Tiny Baker Ocean Jelly Cake [cooking,simulation]
OK   Tiny Game Shop Tycoon [tycoon,simulation]
OK   Knife Merge [action,skill]
OK   GoalHeads.io [new,skill]
OK   Dummies Fight [fighting]
OK   Snow Yeet [sports]
OK   Clean House [new,simulation]
OK   Carnado Boat Racing [boat,driving]
OK   Noob Archer 2 [shooting]
OK   Dino Simulator [dinosaur,simulation]
OK   Fashion Dress Up Star [dress-up,beauty]
OK   Planet Merge [merge,skill]
OK   Block for Blood [zombie,action]
OK   Soccer League [soccer,sports]
OK   Bubbleshooter x Basketball 3D [basketball,skill]
OK   City Cab Rush [new,driving]
OK   Dress Up Party [dress-up,beauty]
OK   Moto Trap [bike,racing]
OK   Kitty Loves Birds 2 [cats,platform]
OK   Escape from Scary Teacher [escape]
OK   Critter Chaos [animals,action]
OK   Stickman Merge [merge,idle]
OK   Ball vs Block [arcade]
OK   Ball Guys [platform,skill]
OK   Fashion Fix Studio [decoration]
OK   Happy Tidy Time [decoration]
OK   Jelly Well [new,puzzle]
OK   Mad Skills Rallycross [racing]
OK   Trapped in the Dollhouse [brain]
OK   Upgrade the CARS [skill]
OK   Soccer REAL [new,sports]
OK   Hide and Paint [new,simulation]
OK   Oozy's Lab [platform,skill]
OK   Numbers Match 2448 [number,puzzle]
OK   Soccer 5 [soccer,sports]
OK   Battle Blast [shooting]
OK   Car Circle [car,skill]
OK   Make Brainrots Online [new,adventure]
OK   Hero VS Criminal [stickman,skill]
OK   Brain Test 5 [brain]
OK   Sea Catcher [idle,simulation]
OK   Dan The Man [action,platform]
OK   Samurai Sam [action]
OK   Clash of Cards [cards,action]
OK   Home Builder Clicker [clicker,simulation]
OK   Phone CASE DIY [simulation,decoration]
OK   Tower Destiny Survive [action]
OK   Smash Room [3d,simulation]
OK   Kitten Out [cats,puzzle]
OK   Sea of Sharks [new,sports]
OK   Marina Club Rush [restaurant,simulation]
OK   Stunt Protocol [racing,driving]
OK   Lafufu Blind Box Dress Up [dress-up,beauty]
OK   Airplane Manager [new,simulation]
OK   Spacebar Clicker [new,idle]
OK   A Small World Cup 2 [soccer,sports]
OK   Stickman Fury [stickman,fighting]
OK   Monkey Tag IO [monkey,simulation]
OK   Veggie Merge [merge,puzzle]
OK   GunForce [gun,shooting]
OK   Sushi Situation [restaurant,puzzle]
OK   Tiger Tank 2 [tanks,shooting]
OK   Draft Wars [strategy]
OK   Tens! [puzzle]
OK   Basketball REAL [basketball,sports]
OK   School Cleaning [idle,simulation]
OK   World of Yarn [puzzle]
OK   Guns Guns Guns [running,shooting]
OK   Duck Merge [merge,idle]
OK   Blumgi Splash [slime,skill]
OK   Find it! [hidden-object,puzzle]
OK   Bunny Miner [animals,simulation]
OK   Zombit [zombie,simulation]
OK   Talking Tom Gold Run [skill]
OK   Annoying Teacher Punch Game [action,fighting]
OK   Supercar Legends [car,skill]
OK   Goal Gang [soccer,sports]
OK   Carnado Bike Stunt [bike,driving]
OK   Bubble Tower [bubble-shooter,skill]
OK   Snacky Snake [snake,brain]
OK   Count War [idle,skill]
OK   Wheel Master [arcade,skill]
OK   Lips Diy Master [dress-up,beauty]
OK   Rail in the Air [driving]
OK   Blast Buddies [shooting]
OK   Keyboard Warrior [typing,arcade]
OK   Satisbox Builder [brain]
OK   Punchy Guy [action,fighting]
OK   Drift Hunters [racing]
OK   Dino Fighter [action]
OK   KPop Concert Dress Up [dress-up,beauty]
OK   Soccer Skills 2 World Cup [soccer,sports]
OK   Crazy Merge [merge,brain]
OK   Push Titans [strategy,action]
OK   Cleanup Crew [simulation]
OK   Going Up Rooftop [parkour,adventure]
OK   Jelly Sokoban [puzzle]
OK   Real City Bikes [bike,driving]
OK   Decor Life [decoration]
OK   Geometry Dash [skill]
OK   Jane's Fashion Studio [dress-up,beauty]
OK   Knockout Penguins [multiplayer,action]
OK   Sort the Court! [adventure]
OK   Jelly Fruit Merge [merge,skill]
OK   Skill Knight [adventure]
OK   Freaky Clown Town Mystery [scary,escape]
OK   Magic Battleground [ragdoll,fighting]
OK   Wreck The Robot [robot,simulation]
OK   Free Skate [sports]
OK   Tuning Car Racing [car,racing]
OK   Sprunki [music,simulation]
OK   Crazy Race [car,racing]
OK   You Monster! [io,action]
OK   Sword Road [fighting,action]
OK   Cat Simulator [cats,simulation]
OK   Tictoc Catwalk Fashion [dress-up,beauty]
OK   Diva Makeup Studio [make-up,beauty]
OK   Fashion Legends [dress-up,beauty]
OK   Metamon [adventure,simulation]
OK   Flat Baseball [sports]
OK   Alien Raid Monster Evolution [adventure,simulation]
OK   67 Game [puzzle,brain]
OK   Snow Riders [sports]
OK   Bot Crash Combat Arena [arcade,action]
OK   Idle Spinner Factory Builder [idle]
OK   Ludo King [board]
OK   Mine and Dig [simulation]
OK   Deadrise.io [shooting]
OK   Tank Stars [war,skill]
OK   4th and Goal 2026 [american-football,sports]
OK   Neon Challenge Legends [skill]
OK   Speed Stars [running,sports]
OK   Pizza Planet [food,simulation]
OK   Gas Station [simulation]
OK   Draw The Road [car,puzzle]
OK   Collect n Evolve [animals,adventure]
OK   Carrom Multiplayer [board]
OK   Bo's Bedroom [adventure]
OK   The Superhero League 2 [action,puzzle]
OK   Papa Louie 3 [platform]
OK   Slime Dunk! [slime,arcade]
OK   Racing Rampage [racing]
OK   Bubble Heroes [bubble-shooter,skill]
OK   Yummy Ice Cream Factory [food,simulation]
OK   Snek Left [snake,puzzle]
OK   Whip & Flip [action]
OK   Human Bullet Gun [ragdoll,shooting]
OK   Mirror Image [nitrome,puzzle]
OK   Turnament [nitrome,action]
OK   Stickman Climb 3D [co-op,platform]
OK   Papa Louie 2 [platform]
OK   Beast Barber [tractor,simulation]
OK   Magikmon [adventure]
OK   Brain Test Special [brain]
SKIP https://poki.com/en/g/tictoc-nightlife-fashion (no game data)
OK   Cat Bird [platform]
OK   Planet Destruction [space,simulation]
OK   Kate's Cooking Party [girls,simulation]
OK   Bubble Storm [bubble-shooter,skill]
OK   Tear Blocks Down [shooting]
OK   Little Tricky Prankster [brain]
OK   Eggsplosion [merge,idle]
OK   Elf Backpack [merge,brain]
OK   Pizza Day [food,simulation]
OK   No Pain No Gain [simulation]
OK   Cube Builder [decoration]
OK   Doc HoneyBerry Kitty Surgery [doctor,simulation]
OK   Bacon Survivor [survival,skill]
OK   Obby Roads [racing,driving]
OK   Blumgi Bounce [basketball,skill]
OK   Wonder High Dress-Up [dress-up,beauty]
OK   Funny Angie Haircut [hair,beauty]
OK   Hill Climb Racing Lite [racing,driving]
OK   Ludo Online [board]
OK   Ragdoll Drop [ragdoll,action]
OK   Slice Master [skill]
OK   Dino Quake [dinosaur,arcade]
OK   Beardie Craft Survival [adventure,platform]
OK   Doc Darling Bone Surgery [doctor,simulation]
OK   Stickman Battle [fighting,action]
OK   Party Time [obby,platform]
OK   My City Horse Stable [decoration]
OK   Pro Shooter [shooting]
OK   Evolution Game [clicker,simulation]
OK   Royal Flush Merge [merge,skill]
OK   Subway Surfers Match [match-3,puzzle]
OK   Monster Max [monster,action]
OK   World of Screw [puzzle,brain]
OK   Sky Race [racing]
OK   Subway Surfers Blast [merge,puzzle]
OK   Count Control Legends [running,skill]
OK   Nail Salon [decoration,beauty]
OK   Grass Cutter [simulation]
OK   Snake Vs Human [snake,shooting]
OK   Life Choices 2: Life Simulator [brain,adventure]
OK   Scary Teacher PlayTime Adventure [action,simulation]
OK   Thung Wars [brainrot,strategy]
OK   Right Jump [platform]
OK   Roller [puzzle,platform]
OK   CleanScape Masters [easy,simulation]
OK   Color Merge Lines [number,brain]
OK   Dwerg [simulation,adventure]
OK   Stickman Maze Run [platform]
OK   Hockey Taka [sports]
OK   Capitalist Bus Driver [simulation]
OK   Pocket Car City! [car,driving]
OK   Steal a Brainrot [action]
OK   The Third Piglet's Tower [clicker,idle]
OK   Critters Quest [animals,idle]
OK   Merge Monster Battles [monster,idle]
OK   Brainrot Merge [brainrot,brain]
OK   Stupidella Horror 2 [scary,brain]
OK   Build League [airplane,driving]
OK   The Real Juggle [soccer,sports]
OK   Beach Boxing Simulator [idle,sports]
OK   Blocky Out [puzzle]
OK   Meme Madness [brainrot,brain]
OK   Buck Bounce [brain]
OK   Rumble Rush [io,platform]
OK   I Am Hall Security [3d,simulation]
OK   Drawing Contest [drawing,simulation]
OK   Squid Dash [arcade]
OK   Build My Brainrot [brainrot,simulation]
OK   Bee Sort by Sam [matching,puzzle]
OK   Kigurumi Dress Up [dress-up,beauty]
OK   A Cleaning Story [easy,simulation]
OK   Porki Poke [restaurant,simulation]
OK   Cafe Bara [restaurant,simulation]
OK   The Superhero League [puzzle]
OK   Cube Miner [adventure]
OK   Grow My Farm [farm,simulation]
OK   Block Sandbox [skill]
OK   Diva Hair Salon [hair,beauty]
OK   Domino [brain,board]
OK   Car Stunts Adventure [racing,driving]
OK   Morph Balls [ball,skill]
OK   Snow Plow [simulation,driving]
OK   Beauty Salon [dress-up,beauty]
OK   Pets Park [platform]
OK   Doodle Race [racing]
OK   Flying Wheels Evolution [car,skill]
OK   Need for Madness [racing]
OK   Dino Miner [clicker,adventure]
OK   Run 3 [action,skill]
OK   Crazy Descent [racing]
OK   Dogfight [war,action]
OK   Heroes League [action]
OK   Jetpack Fury [animals,skill]
OK   Coin Machine [merge,idle]
OK   Carnado Stunt Car [racing,driving]
OK   Golden Hit [multiplayer,adventure]
OK   Screw Jam Puzzle [puzzle,brain]
OK   Blockpost [multiplayer,shooting]
OK   Ant Art Tycoon [idle]
OK   Moving Blocks [blocks,puzzle]
OK   Merge Solitaire [merge,card]
OK   Blockpost Legacy [multiplayer,shooting]
OK   Digger Escape [survival,simulation]
OK   Auto Ninja [running,platform]
OK   GoBattle 2 [two-player,action]
OK   Cougar Simulator: Big Cats [animals,simulation]
OK   School's Out [platform]
OK   circloO XL [platform,skill]
OK   Merge Zoo [merge,skill]
OK   Elemental Master [merge,puzzle]
OK   Plonky [platform]
OK   Samurai Punch [idle,simulation]
OK   Basketball Superstars [basketball,sports]
OK   Plane Wars [action,shooting]
OK   Cozy Garden Design [decoration]
OK   Brainrot Craft [brainrot,puzzle]
OK   Nekopirate: Quest for Gold! [cats,platform]
OK   Bounce Ball [number,skill]
OK   Tower Merge [merge,action]
OK   SnapStyle Dress Up [dress-up,beauty]
OK   Flick Goal [soccer,sports]
OK   Perfect Landing, Plane Pilot [airplane,skill]
OK   Mech Bots Arena [robot,action]
OK   Brainrot Clicker [clicker,idle]
OK   My Cozy Home [decoration]
OK   Merge Rot [brainrot,brain]
OK   Master Assassin [action]
OK   Sticker Book Puzzle [puzzle]
OK   Cow Castle [simulation]
OK   Chess Multiplayer [chess,board]
OK   Shenzhen Mahjong [mahjong,brain]
OK   Cashchubbies Islands [idle]
OK   Brainrot Puzzle [puzzle]
OK   Harvest Simulator [farm,simulation]
OK   Swole Simulator [simulation,sports]
OK   Ranch UFO [platform,shooting]
OK   Hexellent [puzzle,brain]
OK   Cook House [cooking,simulation]
OK   Star Blogger: Left or Right [dress-up,beauty]
OK   Scary Little Prankster [escape,simulation]
OK   Hot Air [nitrome,skill]
OK   Dasi Spa Manager [tycoon,simulation]
OK   Mad Skills Motocross 2 [racing]
OK   Escape From Spider [escape]
OK   Mystery Digger [idle,simulation]
OK   One Line Draw [puzzle,brain]
OK   Emoji Builder [dress-up,beauty]
OK   Car Detailing Master [car,simulation]
OK   World Soccer Champions [soccer,sports]
OK   Vortex Racer [racing]
OK   Tiny Towers [tower-defense,strategy]
OK   Johnny Trigger - Sniper Game [sniper,shooting]
OK   Bloku! [puzzle]
OK   Merge and Double [merge,brain]
OK   Car Parking School [racing,driving]
OK   Diamond Makeup [dress-up,beauty]
OK   Blumgi Merge [merge,idle]
OK   Sushi Merge [merge,puzzle]
OK   Family Tree! [puzzle]
OK   Eyes Drop [merge,puzzle]
OK   HEIST.IO [io,shooting]
OK   Blocks Fusion [puzzle]
OK   Chicken Merge 2 [merge,strategy]
OK   Calamari [nitrome,arcade]
OK   Fishing World [fishing,simulation]
OK   J-J-Jump [nitrome,arcade]
OK   Flipside [nitrome,racing]
OK   Fishing League [io,simulation]
OK   Draw Wire [drawing,puzzle]
OK   Emoji Party [brain]
OK   Hidden Pigeon [hidden-object,brain]
OK   Slime Journey [skill]
OK   Ragdoll Soccer [soccer,sports]
OK   Urban Racer [racing,driving]
OK   Sweet Ball Sprint [racing,driving]
OK   Tank VS Zombies [tanks,shooting]
OK   Draw my Path Obby [obby,puzzle]
OK   Guess the Emojis [puzzle,brain]
OK   Sweet And Fruity Makeup [dress-up,beauty]
OK   Roar Rampage [action]
OK   Wacky Doodle Fixes [drawing,brain]
OK   Mr Bullet [shooting]
OK   Truck Slam [action,fighting]
OK   Kitty Loves Birds [cats,platform]
OK   Stupidella Horror [scary,brain]
OK   Snackio [snake,puzzle]
OK   Mall Tycoon [tycoon,simulation]
OK   Car Machines [car,driving]
OK   Scary Teacher 3D [3d,simulation]
OK   Goblock [puzzle]
OK   Blacktop Police Chase [driving]
OK   Street Slickers [adventure,simulation]
OK   Lucky Claw Machine [simulation]
OK   Bunny Farm [farm,simulation]
OK   Happy Glass [puzzle,brain]
OK   Retro Rex [dinosaur,arcade]
OK   Fantasy Sandbox [adventure]
OK   Fruitmates: Adventure [matching,puzzle]
OK   Animal Obby [obby,platform]
OK   Dual Cat: Max [adventure,escape]
OK   Polygon Master [puzzle]
OK   Noob: Zombie Prison Escape [escape]
OK   CombiMon [monster,simulation]
OK   Marble Run 3D [racing]
OK   Color Pencil Run [racing,skill]
OK   Pocket Zoo [clicker,idle]
OK   Exhibit of Sorrows [puzzle]
OK   Merge Mosaics [puzzle]
OK   Color Artist [color,decoration]
OK   Cat Pizza [pizza,simulation]
OK   Drift Boss [racing,skill]
OK   Dasi Library Manager [simulation]
OK   Where Is? Find Hidden Objects [hidden-object,puzzle]
OK   Cricket Superstar [cricket,sports]
OK   World's Hardest Game [difficult,skill]
OK   2048 Balls [watermelon,arcade]
OK   Domino Merge! [puzzle,skill]
OK   Anime Dress Up [dress-up,beauty]
OK   Power Wash Cleanup [easy,simulation]
OK   Raze 3 [shooting]
OK   PickCrafter [idle]
OK   Blocky Merge [blocks,brain]
OK   Prison Punch [boxing,simulation]
OK   Drive Freedom [driving]
OK   Love Balls [puzzle,brain]
OK   Prankster 3D [3d,simulation]
OK   Tic Tac Toe [board]
OK   World Wrestling 23 [wrestling,sports]
OK   Eggy Car [driving]
OK   Emoji Dropper [watermelon,puzzle]
OK   Quack Quest [farm,simulation]
OK   PolyTrack [racing]
OK   My Kitten Home [decoration]
OK   Karate Fighter [fighting]
OK   Vortella's Dress Up [dress-up,beauty]
OK   Fury Warship [battle-royale]
OK   Dasi Hospital Manager [simulation]
OK   Apple Worm [flash,puzzle]
OK   My Super Tiny Market [simulation]
OK   American Football REAL [sports]
OK   Stick Rush [two-player,shooting]
OK   Crossy Road [skill]
OK   Johnny Trigger - Action Shooter [shooting]
OK   Gym Masters [3d,sports]
OK   Hide Ball: Brain Teaser [puzzle,brain]
OK   Find a cat [cats,puzzle]
OK   Zomblox.io [shooting,action]
OK   Limited Survive [survival,skill]
OK   Sprint League [io,sports]
OK   Stickman Race [parkour,platform]
OK   Johnny Prankster [puzzle,simulation]
OK   Bunny Market [animals,simulation]
OK   Kingdom Heroes [action,adventure]
OK   Under the Red Sky [parkour,platform]
OK   Emoji Puzzles [puzzle]
OK   Stickman Kingdom Clash [strategy]
OK   Pool Merge Io [io,skill]
OK   Hit the Fan [action,skill]
OK   Temple Run [running,skill]
OK   Bobble [ball,arcade]
OK   Traffic Escape! [car,puzzle]
OK   Mophead Dash [action,platform]
OK   Where's Your Country? [quiz,educational]
OK   Sticker Album [puzzle]
OK   Amazon Spider Solitaire [cards,card]
OK   Pizza Tower [idle]
OK   Pull the String [puzzle]
OK   Stupidella Click [clicker,idle]
OK   Vero Life - Dress Up & Decor [dress-up,beauty]
OK   Fear Response [scary,escape]
OK   Shadow Trick [platform]
OK   Office Manager [simulation]
OK   Connect Puzzle [puzzle]
OK   Emoji Coloring [color,decoration]
SKIP https://poki.com/en/g/dunkers-2 (no game data)
OK   Mine Line [adventure]
OK   Jump Only [platform,skill]
OK   Fixing Time [platform]
OK   Mouse Mouse, Climb the House [parkour,platform]
OK   Capyloop Stones [merge,puzzle]
OK   Blumgi Paintball [gun,skill]
OK   Fish Drop [merge,skill]
OK   Blocks 8 [puzzle]
OK   Euro Kick Tournament [soccer,sports]
OK   TexasWorm.io [arcade]
OK   Pixel Fishing [fishing,skill]
OK   Puppetman: Ragdoll Puzzle [ragdoll,puzzle]
OK   Rescue the Fish [puzzle]
OK   Woody Sort [puzzle,brain]
OK   Ground Digger [arcade]
OK   Lidle Legend [adventure]
OK   Merge Summer [merge,puzzle]
OK   Dadish 3D [platform]
OK   Crush It! [arcade]
OK   Stickman Archers Waves [action,shooting]
OK   MineFun.io [io,action]
OK   Brain Test All-Star [puzzle,brain]
OK   Zombroad [racing,driving]
OK   Hide and Seek [action,simulation]
OK   Pool [sports,skill]
OK   Sandtris [puzzle]
OK   Marble Run Simulator [simulation,puzzle]
OK   Festival Vibes Makeup [dress-up,beauty]
OK   Line  Connect [brain,puzzle]
OK   Fishing Alive [fishing,skill]
OK   Laser Maze - Puzzle [puzzle,brain]
OK   BrushBattle [drawing,skill]
OK   Cafe Simulator [restaurant,simulation]
OK   How to loot - Pin pull [puzzle]
OK   Disaster Arena [skill]
OK   Paper Block [puzzle]
OK   Pirate Heroes - Sea Battles [boat,adventure]
OK   Lava Land [action,platform]
OK   Survival Island [survival,adventure]
OK   Dangle [nitrome,skill]
OK   Blumgi Racers [racing]
OK   Ping Pong Go! [sports]
OK   Word Chains [words,brain]
OK   Stunt Bike Extreme [racing]
OK   Era: Evolution [tower-defense,strategy]
OK   Nuts and Bolts: Screwing Puzzle [puzzle,brain]
OK   Blaze Drifter [racing]
OK   Tiger Tank [tanks,shooting]
OK   Draw To Smash: Logic Puzzle [puzzle,brain]
OK   Happy Wheels [flash,racing]
OK   Eat the world [action,simulation]
OK   Train Master [puzzle]
OK   MR RACER - Car Racing [racing]
OK   Save Dogogo [puzzle]
OK   Goober World [platform]
OK   Dungeons & Blades [action]
OK   Double Edged [nitrome,fighting]
OK   Jigsaw Gems [puzzle]
OK   School Escape! [escape]
OK   Music Beat Rider [driving,skill]
SKIP https://poki.com/en/g/apple-knight-farmers-market (no game data)
OK   Cryzen.io [io,shooting]
OK   Obby Tag [platform]
OK   Smash It [clicker,simulation]
OK   Jumpossess [puzzle,platform]
OK   Court Kings 3D [sports]
OK   Grapple Grip [platform]
OK   Nails DIY: Manicure Master [dress-up,beauty]
OK   Flag Paint: World Tour [quiz,educational]
OK   Punch Legend Simulator [fighting,simulation]
OK   Penalty Shooters X [sports]
OK   Tree House Maker [idle,decoration]
OK   My Perfect Hotel [idle,simulation]
OK   Picture it? [puzzle]
OK   Royal Card Clash [cards,card]
OK   Papa's Cupcakeria [restaurant,simulation]
OK   Merge Penguins [merge,puzzle]
OK   Sleepless Pug [puzzle,platform]
OK   Water Polo Ragdoll [sports]
OK   Animals Volleyball [sports]
OK   Stickman Run [stickman,platform]
OK   Troll Toilet Quest 2 [puzzle]
OK   Papa's Scooperia [simulation]
OK   Papa's Pastaria [flash,simulation]
OK   Stickman Parkour 3 [action,platform]
OK   Vortelli's Cafe [simulation]
OK   Tiles master [merge,puzzle]
OK   Digging Master [simulation]
OK   Prismo Puzzles [puzzle]
OK   Mowing Mazes [puzzle]
OK   Glam Girl: Dress Up and Makeover [dress-up,beauty]
OK   Sudoku Calendar [sudoku,puzzle]
OK   Free Kick Screamers [soccer,sports]
OK   Stupidella 4 [puzzle]
OK   Popular Words [words,brain]
OK   MagicLand.io [io,simulation]
OK   Nitrome Must Die [shooting]
OK   Spot the Differences [puzzle]
OK   Magic Coloring Book [color,decoration]
OK   Rubble Trouble [construction,arcade]
OK   Fruit Wheel [watermelon,brain]
OK   Bullet Bros [shooting]
OK   Ragdoll Hit [ragdoll,fighting]
SKIP https://poki.com/en/g/crown-guard (no game data)
OK   Blob Drop [watermelon,brain]
OK   Escape From School [escape]
OK   Cherry On The Cake [skill]
OK   A Pretty Odd Bunny: Roast it! [platform]
OK   SatisBox Mini Games [easy,brain]
OK   Monster Match [puzzle]
OK   Earth's Greatest Defender [action,platform]
OK   Stickman Archero Fight [stickman,action]
OK   Slime Laboratory 3 [flash,platform]
OK   The Bucket [flash,skill]
OK   Zoi: The Escape [retro,skill]
OK   Farm and Mine [farm,simulation]
SKIP https://poki.com/en/g/mph-online (no game data)
OK   Quick Gun [shooting]
OK   Papa's Donuteria [simulation]
OK   Coin Factory [puzzle,brain]
OK   Blocky Blast Puzzle [puzzle]
OK   In The Doghouse [flash,puzzle]
OK   Rush Race Motocross [bike,racing]
OK   Stunt Car Extreme [racing]
OK   Kubi Pets [merge,idle]
OK   Elixpur Idle [idle]
OK   Bottle Flip Challenge [skill]
OK   Draw Pixel Art [drawing,decoration]
OK   Blumgi Soccer [sports]
OK   Penalty Rivals [sports]
OK   Classic Chess [chess,board]
OK   Papa's Sushiria [simulation]
OK   Speed Pool King [pool,sports]
SKIP https://poki.com/en/g/war-masters-tactical-strategy (no game data)
OK   O Mandala! [drawing,decoration]
OK   Match Bee [matching,puzzle]
OK   Troll Toilet Quest 1 [puzzle]
OK   Stupidella 2 [puzzle]
OK   Life Choices: Life Simulator [brain,adventure]
OK   Survivor Z [survival,action]
OK   Shipo.io [io,shooting]
OK   Longcat [puzzle,arcade]
OK   Driftwave [driving]
OK   Light the Lamp [puzzle,brain]
OK   Idle Cowshed [idle]
OK   Crazy Road Trip [racing,driving]
OK   Sword Masters [adventure]
OK   Cat Coffee Shop [idle,simulation]
OK   Stupidella 1 [puzzle]
OK   Detective Dan [brain,puzzle]
OK   Snake Solver [puzzle]
OK   Sides of Gravity [puzzle,platform]
OK   World Conquest [strategy]
OK   Mermaid Dress Up [girls,beauty]
OK   Circus Contest [watermelon,arcade]
OK   Pixel Puzzles [puzzle]
OK   Chicky Farm [idle,simulation]
OK   Dino Bros [platform]
OK   Zombie Dying: Survival Days [zombie,shooting]
OK   Mummy's Path Deluxe [puzzle]
OK   4th and Goal 2024 [american-football,sports]
OK   Bowling Champion [bowling,sports]
OK   Squad Goals [soccer,sports]
OK   Blockheads [shooting]
OK   Swords and Sandals [fighting]
OK   Parkmania [parking,driving]
OK   Age of War [war,strategy]
OK   Scrap Divers [arcade,skill]
OK   Fish Squad [shooting]
OK   Brain Test 4: Tricky Friends [brain]
OK   Red Ball 4 [platform]
OK   Cozy Room Design [decoration]
OK   Pixel Realms [idle,adventure]
OK   Market Sort [puzzle]
OK   Kawaii Fruits 3D [watermelon,skill]
OK   Olly the Paw [idle,simulation]
OK   Crazy Bikes [racing,driving]
OK   Pack a bag [puzzle]
OK   Silly Sky [skill]
OK   12 Mini Battles 2 [multiplayer,action]
OK   Watermelon Drop [watermelon,skill]
OK   Double Panda [platform]
OK   Prismo Coloring [color,decoration]
OK   War Master [idle,simulation]
OK   Lurkers.io [io,action]
OK   Brain Test: Tricky Words [brain]
OK   Idle Zoo Safari Rescue [idle]
OK   Flip Bros [skill]
OK   Orange [puzzle]
OK   Jungle Friends [idle,simulation]
OK   Blumgi Dragon [skill]
OK   Blocky Universe [adventure,simulation]
OK   Up Together [parkour,platform]
OK   Stickman Dragon Fight [fighting]
OK   G-Switch 4 [action,skill]
OK   Cats Drop [puzzle]
OK   Catpad [cats,arcade]
OK   Level Devil [platform,skill]
OK   Who is? 2 Brain Puzzle & Chats [puzzle,brain]
OK   Arrow Pathway [platform]
OK   Stack City [merge,simulation]
OK   Retro Highway [retro,driving]
OK   Zombie Rush [skill,action]
OK   Odd Bot Out [skill,platform]
OK   Idle Gold Miner [idle]
OK   King of Mahjong [brain,puzzle]
OK   Zooplop [merge,puzzle]
SKIP https://poki.com/en/g/two-button-bounce (no game data)
OK   Misland [idle,simulation]
OK   Stickman Crazy Box [stickman,skill]
OK   Animal Arena [two-player,fighting]
OK   Shady Bears [flash,skill]
OK   Papa's Wingeria [flash,simulation]
OK   Hills of Steel [shooting,action]
OK   Forgotten Hill: The Wardrobe 4 [puzzle,adventure]
OK   Rolling Jump [action,arcade]
OK   Vortelli's Pizza Delivery [car,driving]
OK   Hide and Smash [io,skill]
OK   Jacksmith [flash,simulation]
SKIP https://poki.com/en/g/car-parking-jam (no game data)
OK   Bloons Tower Defense [flash,strategy]
OK   Freecell Solitaire [brain,card]
OK   Flags [brain]
OK   Last Warriors [fighting]
OK   Skibidi Shooter [action,shooting]
OK   2 Minute Football Classic [sports]
OK   Trivia Crack [brain,educational]
OK   Retro Bowl College [sports]
OK   Village Craft [simulation]
OK   Tag 2 [multiplayer,platform]
OK   Vectaria.io [io,adventure]
OK   Mekorama [puzzle]
OK   Stickman Fight Ragdoll [stickman,fighting]
OK   Dyna Boy [flash,platform]
OK   Rainbow Obby [obby,platform]
OK   Sky Mad [action,racing]
OK   Wall of Doom [arcade]
OK   Arcane Archer [adventure]
OK   Hockey Stars [sports]
OK   Laser Quest [puzzle]
OK   Fast Typer 2 [skill]
OK   Poor Eddie [platform]
OK   Super Liquid Soccer [sports]
OK   Skiddy Taxi [car,arcade]
OK   Time Clones [brain,platform]
OK   Park Out [puzzle]
OK   Super Tunnel Rush [racing]
OK   Shotdogs [arcade]
OK   Blumgi Bloom [arcade,puzzle]
OK   Cat Clicker RE [idle]
OK   Papa’s Pancakeria [restaurant,simulation]
OK   Battle Wheels [arcade,fighting]
OK   Parakite Ninja [arcade,skill]
OK   Cubies [arcade,puzzle]
OK   Growmi [puzzle,platform]
OK   Return Portal [brain,platform]
OK   Foot Chinko [sports,arcade]
OK   Idle Breakout [idle]
OK   Burger Bounty [simulation]
OK   Gobble [arcade,skill]
OK   Magic Solitaire [cards,card]
OK   1010 Color Match [brain,puzzle]
OK   QWOP [flash,sports]
OK   Sparkanoid [arcade]
OK   Roper [arcade,platform]
OK   Bubble Charms [arcade]
OK   Cute Puzzle Witch [puzzle]
OK   Brick Breaker [action,arcade]
OK   Tingly Solitaire [cards,card]
OK   Combo Crusader [puzzle]
OK   Google Feud [brain]
OK   Duck Pond Mahjong [board,puzzle]
OK   Zeepkist: Crash 2D [car,arcade]
OK   Tingly Bubble Shooter [brain,arcade]
OK   Stickman Bike [driving]
OK   Murder [skill]
OK   Narrow.One [io,shooting]
OK   Fruity Party [puzzle]
OK   Mystical Birdlink [board,puzzle]
OK   Chicken Merge [merge,strategy]
OK   Bubble Charms Xmas [brain,arcade]
OK   Shift to Drift [car,racing]
OK   Tingly Pyramid Solitaire [cards,card]
OK   Twin Shot 2 [flash,platform]
OK   Escaping the Prison [adventure,escape]
OK   A Pretty Odd Bunny [puzzle,platform]
OK   Dino Run [arcade]
OK   The Impossible Quiz [brain]
OK   Bad Ice-Cream 2 [two-player,arcade]
OK   JollyWorld [skill]
OK   Fast Typer [skill]
OK   Fluffy Cuddlies [brain,puzzle]
OK   Stealing the Diamond [adventure,puzzle]
OK   Hop & Pop It [puzzle]
OK   Anycolor by Numbers [color,decoration]
OK   Tag [two-player,skill]
OK   Shark.io [io,skill]
OK   Stickman Parkour 2: Lucky Block [stickman,platform]
OK   Cat Gunner: Super Zombie Shoot [shooting,action]
OK   Poor Bunny [arcade]
OK   Stacktris [arcade]
OK   Grab The Apple [skill]
OK   War of Sticks [stickman,strategy]
OK   Break the Siesta [arcade]
OK   Roly-Poly Monsters [puzzle,shooting]
OK   Dreadhead Parkour [sports,platform]
OK   Blumgi Slime [arcade]
OK   Jumping Shell [brain,platform]
OK   Stickman Parkour Skyland [stickman,platform]
OK   Anycolor Horoscopes [color,decoration]
OK   Cow Bay [idle,simulation]
OK   Word Boss [puzzle,brain]
OK   Unicycle Legend [sports,skill]
OK   Super Kill-BOI 9000 [action]
OK   Jelly Venture [adventure,platform]
OK   Fairy Dress-Up [girls,beauty]
OK   Rally Champion [racing]
OK   4th and Goal 2023 [sports]
OK   Warbrokers.io [io,shooting]
OK   Daily Dadish [adventure,platform]
OK   Yummy Donut Factory [girls,simulation]
OK   Princess Lovely Fashion [girls,beauty]
OK   Yummy Chocolate Factory [girls,simulation]
OK   Water Color Sort [puzzle,skill]
OK   Shape Fold Animals [brain,puzzle]
OK   Tribals.io [io,adventure]
OK   Emoji Sort Master [puzzle]
OK   Slime Laboratory 2 [flash,platform]
OK   Funny Shooter 2 [action,shooting]
OK   Yummy Cupcake [girls,simulation]
OK   Summer Fashion Makeover [girls,beauty]
OK   Fun Water Sorting [puzzle,skill]
OK   OvO Classic [arcade,platform]
OK   Graffiti Time [flash,platform]
OK   Monster Tracks [skill,driving]
OK   Sausage Flip [arcade,skill]
OK   Karakuri [puzzle]
OK   Kawaii Dress-Up [girls,beauty]
OK   Golfparty.io [io,sports]
OK   One Button Bounce [puzzle,platform]
OK   Monkey Mart [idle,simulation]
OK   Squish Run [arcade,platform]
OK   Craftomation 1 [puzzle]
OK   OvO Dimensions [arcade,platform]
OK   Swingo [arcade]
OK   Hospital Stories: Doctor Rugby [simulation]
OK   Where's My Pizza? [simulation,skill]
OK   Stick Fighter [action,fighting]
OK   Stickman Escape [stickman,platform]
OK   Recoil [puzzle]
OK   GoBattle [arcade]
OK   Mimelet [flash,platform]
OK   Paint Strike [shooting]
OK   Apple Knight: Mini Dungeons [adventure]
OK   Papa's Bakeria [flash,simulation]
OK   Galactic Empire [merge,idle]
OK   Nano War [strategy]
OK   Vortelli's Pizza [multiplayer,simulation]
OK   Sudoku [brain]
OK   Merge Arena [merge,idle]
OK   Toxic [flash,platform]
OK   Scribble [flash,puzzle]
OK   Rustyard [flash,platform]
OK   Skywire VIP [flash,arcade]
OK   Roly Poly [flash,arcade]
OK   Square Meal [flash,arcade]
OK   Rockitty [flash,skill]
OK   Fruit Ninja [arcade,skill]
OK   Magic Touch [flash,arcade]
OK   Gift Wrapped [flash,brain]
OK   Go Go UFO! [flash,arcade]
OK   Ribbit [flash,arcade]
OK   Logic Master 1 [brain]
OK   Temple Run 2: Spooky Summit [skill]
OK   Lands of Blight [action,arcade]
OK   Soccer Skills World Cup [sports]
OK   Mini Train [puzzle]
OK   Crazy Cars [car,driving]
OK   Snake vs Worms [io,battle-royale]
OK   Midnight Drive [car,racing]
OK   Look, Your Loot! [cards,strategy]
OK   Fat Cat [flash,arcade]
OK   Stickman Go [action,platform]
OK   Papa's Cheeseria [flash,simulation]
SKIP https://poki.com/en/g/drive-mad (no game data)
OK   Speed King [arcade]
OK   Noob Drive [car,racing]
OK   Big Tower Tiny Square 2 [arcade]
OK   Village Builder [strategy,simulation]
OK   Blumgi Castle [skill,shooting]
OK   Ninja Mouse [animals,platform]
OK   Funny Puppy Care [animals,simulation]
OK   TicToc Summer Fashion [girls,beauty]
OK   Dual Cat [animals,escape]
OK   Funny Kitty Care [simulation]
OK   Stick Defenders [merge,strategy]
OK   Tictoc KPOP Fashion [girls,beauty]
SKIP https://poki.com/en/g/boss-level-shootout (no game data)
OK   Horror Dungeon 3D [adventure]
OK   Funny Puppy Emergency [simulation]
OK   Robot Awake [brain,puzzle]
OK   Big Tower Tiny Square [arcade,platform]
OK   Slime Laboratory [flash,platform]
OK   Yummy Taco [simulation]
OK   MicroWars [strategy]
OK   Big NEON Tower VS Tiny Square [skill,platform]
OK   Icycle [skill]
OK   Papa's Hotdoggeria [flash,simulation]
OK   Yarn Untangle [brain,puzzle]
OK   Super MX - Last Season [racing]
OK   Snow Tale [flash,platform]
OK   Mr Boomi [puzzle,arcade]
OK   Castle Defender Saga [simulation,action]
OK   Anycolor [color,decoration]
OK   Maze: Path of Light [brain,puzzle]
OK   Jetpack Joyride [shooting,skill]
OK   Noob Archer [puzzle,shooting]
OK   Hop Warp [brain,platform]
OK   Dadish 3 [adventure,platform]
OK   Real Simulator Monster Truck [racing]
OK   Numbers [brain]
OK   Doctor Hero [simulation]
OK   Foggy Fox [adventure]
OK   Tap Tricks [skill,sports]
OK   Woodcraft [simulation]
OK   Huggy Wuggy Shooter [shooting]
OK   Perfect Peel [simulation,skill]
OK   Sharkosaurus Rampage [action]
OK   Cookie Master [skill]
OK   Bearsus [action,fighting]
OK   Beecoins Inc [merge,idle]
OK   Real Cars in City [racing,driving]
OK   Papa's Freezeria [flash,simulation]
OK   Kiwi Clicker [idle]
OK   The Left Behind [adventure]
OK   Idle Money Tree [idle]
OK   Icy Purple Head 2 [puzzle,platform]
OK   Moving Truck [racing]
OK   Mad Cars Racing and Crash [racing]
OK   Infinity Loop: Hex [brain]
OK   Blumgi Ball [sports,skill]
OK   Jump and Hover [brain,platform]
OK   Papa Louie: When Pizzas Attack [flash,platform]
OK   Total Party Kill [puzzle,platform]
OK   Funny Food Duel [skill]
OK   Rhino Rush Stampede [animals,skill]
OK   Nonogram [brain]
OK   Zen Blocks [puzzle]
OK   BoxRob 2 [puzzle,platform]
OK   Cyber Cars Punk Racing [racing]
OK   Burrito Bison Revenge [flash,skill]
OK   Cover Orange [puzzle,brain]
OK   Fish Eat Fish [two-player,skill]
OK   Rock Paper Clicker [brain]
OK   Lines to Fill [brain]
OK   Grand Mini Slam [sports]
OK   Plactions [puzzle]
OK   Gladiator True Story [action,fighting]
OK   4th and Goal 2022 [sports]
OK   Meow Merge [merge,idle]
OK   Minibattles Survivor [skill,arcade]
OK   Truck Loader 4 [car,puzzle]
OK   Idle Mining Empire [idle]
OK   Bad Ice-Cream 3 [two-player,arcade]
OK   Dadish 2 [platform]
OK   Super Dangerous Dungeons [adventure,platform]
OK   Super Fowlst 2 [skill,platform]
OK   Pick Up Associations [puzzle]
OK   Kitty Cats [animals,simulation]
OK   Funny Daycare [simulation]
OK   Brain Test 3: Tricky Quests [puzzle,brain]
OK   Dadish [platform]
OK   Tunnel Rush 2 [skill]
OK   Day of Meat [idle,skill]
OK   ArithmeticA [brain,educational]
OK   Apple Knight [adventure]
OK   Blumgi Rocket [car,driving]
OK   Cover Orange: Journey [puzzle,brain]
OK   Freeway Fury 3 [car,driving]
OK   Little Master Cricket [flash,skill]
OK   Bubble Shooter [puzzle,skill]
OK   BoxRob [puzzle,platform]
OK   Spider Solitaire [cards,card]
OK   Detective Loupe Puzzle [brain]
OK   Forgotten Hill: The Wardrobe 2 [brain,puzzle]
OK   Super Fowlst [skill,arcade]
OK   Idle Ants [simulation,idle]
OK   Big Tall Small [puzzle,platform]
OK   Pop It vs Spinner [puzzle]
OK   Bumper Cars Soccer [sports]
OK   Doctor Teeth 2 [simulation]
OK   Stickman Climb 2 [stickman,platform]
OK   Temple Run 2: Jungle Fall [skill]
OK   Pop It Master [puzzle,idle]
OK   Idle Tree City [idle]
OK   Rise of Pico [adventure,puzzle]
OK   Soccer Skills Champions League [sports]
OK   Yummy Super Pizza [simulation]
OK   Funny Camping Day [simulation]
OK   Smash Car Idle 2 [idle]
OK   Jigsaw Surprise [puzzle,board]
OK   Mahjong Firefly [puzzle]
OK   Heart Star [puzzle,platform]
OK   Mosaic Puzzle Art [puzzle,brain]
OK   Funny Travelling Airport [simulation]
OK   Klondike Solitaire [cards,card]
OK   Yokai Dungeon [adventure,arcade]
OK   Papa's Taco Mia [flash,simulation]
OK   Papa's Pizzeria [flash,simulation]
OK   Bomba [flash,brain]
OK   Sweet World [brain]
OK   It's Story Time! [brain]
OK   Senya and Oscar 2 [idle,fighting]
OK   Casual Chess [brain,board]
OK   Idle Light City [simulation,idle]
OK   Brain Test 2: Tricky Stories [puzzle,brain]
OK   Yummy Super Burger [girls,simulation]
OK   Merge Gangster Cars [merge,idle]
OK   PartyToons [multiplayer,skill]
OK   Eugene's Life [adventure,platform]
OK   Mahjong Sweet Connection [puzzle]
OK   Papa's Burgeria [flash,simulation]
OK   Solitaire [cards,card]
OK   Papa Cherry Saga [puzzle,arcade]
OK   Onet Fruit Classic [puzzle,brain]
OK   Truck Loader [car,puzzle]
OK   Spades [cards,card]
OK   Cactu-Sama [brain,puzzle]
OK   Idle Success [idle]
OK   Bubble Sorting [puzzle]
OK   Classic Solitaire [brain,card]
OK   Super Star Car [racing]
OK   Unpuzzle [puzzle]
OK   We Become What We Behold [simulation]
OK   Final Ninja Zero [flash,platform]
OK   Tower Crush [strategy]
OK   Ping Pong [sports,skill]
OK   Final Ninja [flash,platform]
OK   Silly Sausage [flash,arcade]
OK   Super Bike the Champion [racing]
OK   Funny Shopping Supermarket [simulation]
OK   Merge the Numbers [brain,puzzle]
OK   Super Bubble Shooter [arcade]
OK   Mine Sweeper [board,brain]
OK   Soccer Skills Euro Cup [sports]
OK   Swindler [flash,platform]
OK   Like a King [strategy]
OK   Pink [brain,puzzle]
OK   Minecraft Classic [adventure]
OK   Sports Car Challenge [car,driving]
OK   Rabbit Samurai [skill]
OK   Idle Lumber Inc [simulation,idle]
OK   Temple Run 2: Holi Festival [skill]
OK   Duo Vikings 3 [two-player,platform]
OK   Street Ball Jam [sports,skill]
OK   Temple Run 2: Frozen Shadows [skill]
OK   Doctor Teeth [simulation]
OK   Flying Car Simulator [car,driving]
OK   Friday Night Funkin' [skill]
OK   Merge to Million [puzzle,brain]
OK   Slime Pizza [adventure,platform]
OK   Call of Tanks [strategy,action]
OK   Wood Blocks 3D [puzzle,brain]
OK   GIRP [flash,arcade]
OK   Barbershop Inc. [idle,simulation]
OK   Football Legends [sports]
OK   Merge Cyber Racers [idle]
OK   Who Is? [puzzle,brain]
OK   Sugar Eyes [puzzle]
OK   Turn Right [skill]
OK   Where is My Cat? [puzzle,brain]
OK   Panda: Bubble Shooter [puzzle,arcade]
OK   Words Emoji [puzzle,brain]
OK   Forgotten Hill: The Wardrobe [brain,puzzle]
OK   Neon Car Maze [arcade,driving]
OK   8Bit Fiesta [two-player,platform]
OK   SuperBattle 2 [two-player,arcade]
OK   Sling World Cup [sports]
OK   18 Wheeler Cargo Simulator 2 [simulation,driving]
OK   Find The Candy [brain,puzzle]
OK   Get On Top [two-player,fighting]
OK   Cold Storage [flash,arcade]
OK   2 Player City Racing 2 [racing]
OK   Dot Rush [skill]
OK   Typing Fighter [action,educational]
OK   James Gun [platform]
OK   Freeway Fury [car,driving]
OK   City Car Driving: Stunt Master [car,driving]
OK   Smash Car Idle [idle]
OK   Cannon Strike [skill]
OK   Moon Waltz [adventure,puzzle]
OK   Hero Rescue [skill]
OK   Refuge Solitaire [cards,card]
OK   Ragdoll Fall [skill]
OK   Horse Shoeing [simulation]
OK   Chess Grandmaster [brain,board]
OK   Tetra Blocks [arcade,puzzle]
OK   Classic Minesweeper [arcade,brain]
OK   King Rugni [idle,strategy]
OK   Pool Club [pool,skill]
OK   Fancy Pants 3 [stickman,platform]
OK   Merge Cakes [merge,puzzle]
OK   Subway Surfers [skill]
OK   Ocean [puzzle,brain]
OK   Mahjong Cards [board,card]
OK   Lost Yeti [puzzle]
OK   Sugar, Sugar 2 [puzzle]
OK   Chessformer [board,puzzle]
OK   MadZOOng [puzzle]
OK   Stick Merge [stickman,shooting]
OK   Game of Farmers [idle]
OK   9 Ball Pool [skill]
OK   Resizer [puzzle,platform]
OK   Cat Room Blast [puzzle]
OK   Tennis Hero [sports]
OK   Duo Vikings [two-player,platform]
OK   Cartoon Racers: North Pole [racing]
OK   Grandma's Delicious Cakes [brain,puzzle]
OK   Skateboard Hero [racing,sports]
OK   Athletics Hero [sports]
OK   Sugar, Sugar [puzzle,brain]
OK   Catch the Candy [puzzle,skill]
OK   Funny Bone Surgery [simulation]
OK   Puffy Cat [puzzle]
OK   99 Balls [arcade,skill]
OK   Clash of Skulls [action,strategy]
OK   Ellie’s Surprise Birthday Party [girls,beauty]
OK   Ice Cream, Please! [simulation]
OK   Ellie and Ben: Date Night [girls,beauty]
OK   Yummy Hotdog [skill,simulation]
OK   Just Park It 12 [car,skill]
OK   Black [puzzle,brain]
OK   Fancy Pants 2 [skill,platform]
OK   Onet Master [brain]
OK   Tennis Masters [sports]
OK   Forgotten Hill Disillusion: The Library [brain,adventure]
OK   Mutiny [action,shooting]
OK   Little Cabin in the Woods [puzzle,adventure]
OK   Twin Shot [adventure,platform]
OK   Repuls.io [io,shooting]
OK   Fancy Pants [adventure,platform]
OK   Duo Survival 2 [two-player,platform]
OK   Rowdy City Wrestling [sports]
OK   Traffic Rush! [car,arcade]
OK   Photo Puzzle: Jigsaw Edition [puzzle]
OK   Parkour Race [stickman,skill]
OK   Temple Run 2 [skill]
OK   Shape Fold [puzzle]
OK   The Sniper Code [shooting]
OK   Skywire [adventure,skill]
OK   Brain Dozer [brain,puzzle]
OK   Forgotten Hill: Surgery [brain,adventure]
OK   Burnin' Rubber 5 XS [racing]
OK   Box Kid Puzzles [puzzle]
OK   Forgotten Hill: Puppeteer [brain]
OK   Sweet Run [adventure,platform]
OK   4 Pics 1 Word [puzzle,brain]
OK   Blue [brain]
OK   11-11 [brain,puzzle]
OK   Tiny Fishing [sports,skill]
OK   Duo Survival [two-player,platform]
OK   Cave Chaos 2 [adventure,platform]
OK   SUPERHOT Prototype [action,shooting]
OK   Celebrity BFFs Festival Fun [girls,beauty]
OK   Genie Quest [puzzle,brain]
OK   Love Finder Profile [girls,beauty]
OK   Forgotten Hill: Fall [brain]
OK   Cats Love Cake [skill,platform]
OK   Cave Chaos [adventure,platform]
OK   Merge Round Racers [car,idle]
OK   Basketball Legends 2020 [sports]
OK   Hypersnake [skill,arcade]
OK   Your Love Calculator [girls,simulation]
OK   Funny Tattoo Shop [simulation,beauty]
OK   House of Hazards [skill]
OK   Superhero Look Alike Contest [girls,beauty]
OK   Grand Prix Hero [car,racing]
OK   Sudoblocks [board,puzzle]
OK   Stock Car Hero [racing]
OK   Eliza Mall Mania [girls,beauty]
OK   Tri Peaks [brain,card]
OK   Superbike Hero [racing]
OK   Super Oscar [adventure,platform]
OK   Funny Hair Salon [simulation]
OK   Cooking Korean Lesson [girls,simulation]
OK   Solitaire Reverse [cards,card]
OK   Neon War [arcade]
OK   Arrower [brain,puzzle]
OK   Pocket Hockey [skill]
OK   Mafia Wars [action,shooting]
OK   Green [brain,puzzle]
OK   Base Defense [shooting,strategy]
OK   Bubbles 2 [arcade,puzzle]
OK   Babel Tower [idle]
OK   Lovely Fox [girls,beauty]
OK   Ninja Clash Heroes [shooting]
OK   Brain Test: Tricky Puzzles [brain]
OK   Australian Patience [cards,card]
OK   Bubble Shots [arcade,skill]
OK   Duck Life Adventure (Demo) [adventure]
OK   Punchers [sports,fighting]
OK   Infinity Loop [brain,puzzle]
OK   MiniBattles [multiplayer,action]
OK   Bubbles [skill,arcade]
OK   Snake [skill,arcade]
OK   Word City Crossed [puzzle,educational]
OK   School Bus Demolition Derby [car,battle-royale]
OK   Extreme Off Road Cars [car,racing]
OK   Classic Mahjong [board,brain]
OK   Bowling Stars [sports]
OK   Free Kick Shooter [sports]
OK   ZOOM-BE 2 [two-player,platform]
OK   Fortride: Open World [car,driving]
OK   Golf Champions [sports]
OK   SuperBrawl [io,action]
OK   Spider Solitaire [board,card]
OK   Moto Maniac [skill]
OK   Laser Blade 3000 [skill]
OK   Tic Tac Toe [board]
OK   Touchdown Rush [sports,skill]
OK   Venge.io [io,shooting]
OK   Mechabots [simulation,decoration]
OK   2 Player City Racing [racing]
OK   Watercraft Rush [sports,racing]
OK   Impossible 13 [brain,puzzle]
OK   Bad Ice-Cream [two-player,arcade]
OK   The Stones of the Pharaoh [brain,arcade]
OK   Flip the Bottle [skill]
OK   Sweety Mahjong [board]
OK   Rugby Rush [sports]
OK   Lethal Sniper 3D: Army Soldier [shooting]
OK   Box Tower [skill,arcade]
OK   Block the Pig [brain,strategy]
OK   Goose Game [board]
OK   Retro Bowl [sports]
OK   Shapes [brain,puzzle]
OK   Stickman Climb! [stickman,platform]
OK   ZOOM-BE [two-player,platform]
OK   The Pillar [brain,adventure]
OK   Smash Karts [io,driving]
OK   Invaders.io [io,skill]
OK   Whack em all [skill,arcade]
OK   Goat vs Zombies [simulation]
OK   Word Search [brain]
OK   Ultimate Tic Tac Toe [board]
OK   Block Spin [skill]
OK   Doodle God [simulation,brain]
OK   Solitaire Klondike 2.0 [cards,card]
OK   Short Life 2 [action,platform]
OK   Bring me Cakes [brain]
OK   Rocket Road [skill,arcade]
OK   Hangman [words,educational]
OK   Energy [brain,puzzle]
OK   Bouncy Basketball [sports]
OK   Ludo Hero [board]
OK   Pixel Volley [two-player,sports]
OK   Fast Typer 3 [skill]
OK   Casual Cube [skill,arcade]
OK   Power Badminton [sports]
OK   Super Girl Story [simulation,adventure]
OK   Life: The Game - Stay Safe [simulation,educational]
OK   Hop Chop [animals,skill]
OK   Hipster vs Rockers [girls,beauty]
OK   True Love Calculator [girls,simulation]
OK   Bossy Toss [arcade]
OK   Onet Paradise [brain,puzzle]
OK   100% Golf [sports]
OK   Dino Game [skill,arcade]
OK   Infinite 8 [car,driving]
OK   Factory Balls Forever [brain,puzzle]
OK   Pond Race [skill]
OK   Big Shot Boxing [sports]
OK   Dragon Simulator 3D [simulation]
OK   Chicken Sword: Ninja Master [adventure,fighting]
OK   Adventure Cube [skill,arcade]
OK   Funny Haircut [girls,beauty]
OK   Funny Dentist Surgery [simulation]
OK   Gladihoppers [action,fighting]
OK   Raft Wars Multiplayer [multiplayer,shooting]
OK   Jelly Cat [brain,puzzle]
OK   Cursed Treasure 2 [strategy]
OK   Rocket Soccer Derby [car,sports]
OK   Killer Snake [adventure,skill]
OK   18 Wheeler Cargo Simulator [car,driving]
OK   Off-Road Rain Cargo Simulator [car,driving]
OK   Eagle Ride [skill]
OK   4 Images 1 Word [puzzle]
OK   MiniMissions [skill]
OK   The Final Earth 2 [adventure,simulation]
OK   Battleship War [board,brain]
OK   Line Up: Dots! [brain]
OK   ColorBalls 3D [skill]
OK   Rummy [board,card]
OK   Snake.is MLG Edition [io,battle-royale]
OK   Dubai Police Parking 2 [car,driving]
OK   CircloO [skill,puzzle]
OK   Super Planet Fun Time [skill]
OK   Football Masters [two-player,sports]
OK   Princess Room Cleaning [girls,decoration]
OK   Winter Clash 3D [multiplayer,shooting]
OK   Air Hockey Championship Deluxe [arcade]
OK   Foosball [sports]
OK   Stunt Car Challenge 3 [car,racing]
OK   Sushi Party [io,battle-royale]
OK   Monsters' Wheels Special [racing]
OK   Lava Bird [skill]
OK   Moto Trial Racing 2 [racing]
OK   Moto X3M Spooky Land [racing]
OK   Traffic Jam [puzzle,skill]
OK   Free The Key [puzzle]
OK   Cooking Fast Halloween [adventure,simulation]
OK   Yahtzee Yatzy Yams [board]
OK   The Impossible Quiz 2 [brain]
OK   Airport Clash 3D [multiplayer,shooting]
OK   Demolition Derby Crash Racing [car,action]
SKIP https://poki.com/en/g/ducklings-io (no game data)
OK   Tricks [racing]
OK   Aqua Thrills [action,skill]
OK   Tail Swing [skill,arcade]
OK   Cooking Fast [adventure,simulation]
OK   Unicycle Hero [sports,skill]
OK   Rooftop Snipers 2 [two-player,shooting]
OK   Angry Gran Run [action,skill]
OK   Mahjong Linker Kyodai Game [board,puzzle]
OK   Knight Brawl [action,fighting]
OK   Words Search Classic Edition [brain,educational]
OK   Tank Trouble 2 [two-player,arcade]
OK   Wedding Dress Up [girls,beauty]
OK   Cube Wave [skill,arcade]
OK   Swatforce vs Terrorists [strategy]
OK   TicTacToe [two-player,board]
OK   Castle Pals [skill,platform]
OK   Sumo Party [multiplayer,sports]
OK   Mad Day [car,racing]
OK   Super Racing GT: Drag Pro [racing]
OK   Penalty Challenge [sports]
OK   Math Mahjong Relax [board,brain]
OK   Mad Truck Challenge Special [racing]
OK   Bubbleshooter [arcade,skill]
OK   Roller Coaster Builder 2 [adventure,simulation]
OK   Stickman Bridge Constructor [stickman,skill]
OK   Pony DressUp 2 [girls,beauty]
OK   Stickman Boxing KO Champion [sports]
OK   Clash Of Armour [strategy]
OK   Pony DressUp [girls,beauty]
OK   My Pony My Little Race [sports,racing]
OK   Solitaire [cards,card]
OK   Pony Run: Magic Trails [animals,skill]
OK   Mafia Billiard Tricks [arcade,sports]
OK   Jungle Bubble Shooter Mania [brain,arcade]
OK   Penalty Kicks [sports]
OK   Puppet Master [skill,shooting]
OK   Feets Doctor Urgent Care [adventure,simulation]
OK   Doner Kebab STO [girls,simulation]
OK   Slopey [skill]
OK   Ludo Multiplayer [board]
OK   Snakes and Ladders [skill,board]
OK   Hex FRVR [puzzle]
OK   Clash of Tanks [strategy]
OK   Zombie Killer [action,shooting]
OK   KiX Dream Soccer [sports]
OK   X Trial Racing Mountain Adventure [racing,platform]
OK   Become a Fashion Designer [girls,beauty]
OK   Sniper Clash 3D [shooting]
OK   Stud Rider [racing]
OK   The Spear Stickman [stickman,shooting]
OK   Mahjong [board,brain]
OK   Dress Up The Lovely Princess [girls,beauty]
OK   Become a Nurse [girls,simulation]
OK   Become a Puppy Groomer [girls,simulation]
OK   Cricket World Cup [sports]
OK   Sling Kong [skill]
OK   Become A Dentist [adventure,simulation]
OK   Survival Race [racing,arcade]
OK   Boxing Fighter Shadow Battle [sports]
OK   Skiing Fred [skill]
OK   Ultimate Sudoku [brain]
OK   Extreme Car Parking! [car,driving]
OK   Touchdowners [sports]
OK   Truck Traffic [car,skill]
OK   Marble Boom [puzzle,skill]
OK   Color Crash [skill,racing]
OK   Soldier Legend [action,shooting]
OK   Ninja Action 2 [action,skill]
SKIP https://poki.com/en/g/stickman-fighter-epic-battle (no game data)
OK   Rotate [puzzle,platform]
OK   Parkour Jump [action,skill]
OK   Super Falling Fred [arcade,skill]
OK   Zombie Derby 2 [action,racing]
OK   Highway Bike Simulator [racing,driving]
OK   YoHoHo.io [io,battle-royale]
OK   Stickman Fighter: Mega Brawl [stickman,fighting]
OK   Rocket Clash 3D [shooting]
OK   Stickman Army: The Defenders [stickman,strategy]
OK   Subway Clash 3D [shooting]
OK   Gem 11 [puzzle,brain]
OK   Stickman Fighter: Epic Battle 2 [stickman,fighting]
OK   Basketball Stars [sports]
OK   Match Arena [puzzle]
OK   Nugget Royale [io,battle-royale]
OK   Running Fred [action,skill]
OK   Battleships Armada [board]
OK   Sling Drift [skill]
OK   Rodeo Stampede [skill]
OK   Duck Life 2 [adventure,simulation]
OK   Raft Wars [shooting]
OK   Super Speeder [skill]
OK   Raft Wars 2 [shooting]
OK   2048 [brain]
OK   Duck Life 3 [adventure,simulation]
OK   Infiltrating the Airship [adventure,puzzle]
OK   Penalty Shooters [sports]
OK   G-Switch [action,platform]
OK   Go Kart Go! Ultra! [racing]
OK   Moto X3M [racing,action]
OK   Basket & Ball [sports,skill]
OK   Duck Life [adventure,simulation]
OK   Scary Maze [adventure,skill]
OK   Thumb Fighter [two-player,fighting]
OK   G-Switch 2 [action,platform]
OK   A Small World Cup [sports]
OK   Fleeing the Complex [adventure,brain]
OK   1010! Deluxe [arcade,puzzle]
OK   Breaking the Bank [adventure,puzzle]
OK   Wrassling [two-player,skill]
OK   Hammer 2: Reloaded [action,shooting]
OK   Penalty Shooters 2 [sports]
OK   Temple of Boom [two-player,action]
OK   Swimming Pro [sports]
OK   Classic Bowling [sports]
OK   Heads Arena: Soccer All Stars [sports]
OK   3D Moto Simulator 2 [racing,driving]
OK   100 Metres Race [sports,racing]
OK   G-Switch 3 [action,skill]
OK   Dunkers [two-player,sports]
OK   Fortz [two-player,shooting]
OK   Iron Snout [action,skill]
OK   3D Car Simulator [car,driving]
OK   Cars Thief [car,driving]
OK   Offroader V5 [car,driving]
OK   Cave Blast [shooting]
OK   Bacon May Die [action]
OK   Basket Champs [sports]
OK   Max and Mink [two-player,platform]
OK   City Rider [car,driving]
OK   Tube Jumpers [two-player,skill]
OK   3D City Racer [car,driving]
OK   Parking Fury 3D [car,driving]
OK   Life - The Game [skill]
OK   Fox Simulator 3D [simulation]
OK   Top Speed 3D [car,racing]
OK   Tiger Simulator 3D [simulation]
OK   I Like OJ [skill,arcade]
OK   Burnout Drift: Hilltop [car,driving]
OK   There Is No Game [adventure]
OK   The Impossible Quizmas [brain]
SKIP https://poki.com/en/g/rally-point-5 (no game data)
OK   Glitch Dash [skill]
OK   Gangster Contract Mafia Wars [shooting]
OK   Nightpoint.io [io,action]
OK   Short Life [platform]
OK   Crazy Pig Simulator [simulation]
OK   Little Alchemy 2 [brain,puzzle]
OK   Deer Simulator [simulation]
OK   Rio Rex [animals,platform]
OK   Moto X3M Winter [racing,driving]
OK   EvoWorld io (FlyOrDie io) [io,skill]
OK   Death Chase [racing]
OK   Four in a Row [board]
OK   Getaway Shootout [two-player,action]
OK   Tunnel Rush [skill,racing]
OK   Rooftop Snipers [two-player,skill]
OK   Desert Worms [racing]
OK   Dog Simulator 3D [simulation]
OK   Car Simulator Arena [car,racing]
OK   Rowdy Wrestling [two-player,fighting]
OK   Horse Simulator 3D [simulation]
OK   Adventure Drivers [racing]
OK   Short Ride [driving]
OK   Cartoon Mini Racing [racing]
OK   Thumb Fighter Christmas [two-player,fighting]
OK   12 MiniBattles [two-player,action]
OK   Duck Life: Battle [adventure,simulation]
OK   Tanko.io [io,action]
OK   Online Sudoku [brain,board]
OK   Stickman Hook [skill]
OK   Junior Chess [board]
OK   Backgammon Online [board]
OK   Bottle Flip [skill]
OK   Flags Quiz [brain,puzzle]
OK   Lucky Life [skill]
OK   Stickman War [stickman,shooting]
OK   Afterlife: The Game [simulation]
OK   3D Arena Racing [racing]
OK   Master Chess [board]
OK   Moto X3M 5 Pool Party [racing,driving]
OK   Panda Simulator 3D [simulation]
OK   Master Checkers [board]
OK   Stickman Army: The Resistance [stickman,shooting]
OK   Daddy Long Legs [skill]
Wrote 1486 games to D:\Personal Work\coozygames-nextjs\data\games.json
